// Jest Snapshot v1, https://goo.gl/fbAQLP

exports[`Pruebas en <Primera App /> debe mostrar <primeraApp /> correctamente 1`] = `
<Fragment>
  <h1>
     
    Hola soy Ari
     
  </h1>
  <p>
    Soy un subtitulo
  </p>
</Fragment>
`;
